env: load .env.local
env: export EXPO_PUBLIC_API_URL KAKAO_CLIENT_ID KAKAO_REDIRECT_URI NAVER_CLIENT_ID NAVER_REDIRECT_URI EXPO_PUBLIC_NAVER_CLIENT_ID EXPO_PUBLIC_KAKAO_CLIENT_ID EXPO_PUBLIC_KAKAO_REDIRECT_URI EXPO_PUBLIC_NAVER_REDIRECT_URI EXPO_PUBLIC_KAKAO_NATIVE_APP_KEY EXPO_PUBLIC_NAVER_CLIENT_SECRET EXPO_PUBLIC_NAVER_APP_NAME EXPO_PUBLIC_NAVER_URL_SCHEME EXPO_PUBLIC_GA_ID
Starting project at C:\Users\chaet\anaconda3\FE\STORIX\STORIX-FE-2.1
Starting Metro Bundler
Waiting on http://localhost:8081
Logs for your project will appear below.
Web .\index.js ▓▓▓▓▓▓▓▓▓▓▓▓░░░░ 79.1% (1443/1622)
λ node_modules\expo-router\node\render.js ▓▓▓▓▓▓▓▓▓▓░░░░░░ 67.0% (1250/1527)
Web .\index.js ░░░░░░░░░░░░░░░░  0.0% (0/1)
λ node_modules\expo-router\node\render.js ░░░░░░░░░░░░░░░░  0.0% (0/1)
λ Bundled 4227ms node_modules\expo-router\node\render.js (2228 modules)
λ Bundled 4287ms node_modules\expo-router\node\render.js (1 module)
Web .\index.js ▓▓▓▓▓▓▓▓▓▓▓▓▓▓▓░ 97.6% (2071/2096)
Web .\index.js ░░░░░░░░░░░░░░░░  0.0% (0/1)
Web Bundled 10210ms index.js (2096 modules)
Web .\index.js ▓▓▓▓▓▓▓▓▓▓▓▓▓▓▓░ 97.6% (2071/2096)
Web .\index.js ░░░░░░░░░░░░░░░░  0.0% (0/1)
Web Bundled 10273ms index.js (1 module)
Web .\index.js ▓▓▓▓▓▓▓▓▓▓▓▓░░░░ 81.1% (1664/1848)
Web Bundled 2453ms index.js (2126 modules)
 LOG  [web] Logs will appear in the browser console
Web .\index.js ░░░░░░░░░░░░░░░░  0.0% (0/1)
λ Bundled 757ms node_modules\expo-router\node\render.js (1 module)
Web .\index.js ░░░░░░░░░░░░░░░░  0.0% (0/1)
Web Bundled 10768ms index.js (1 module)
Web .\index.js ░░░░░░░░░░░░░░░░  0.0% (0/1)
